
> devpath@0.1.0 build
> next build

   Γû▓ Next.js 16.0.10 (Turbopack)

   Creating an optimized production build ...
 Γ£ô Compiled successfully in 6.0s
   Running TypeScript ...
node.exe : Failed to 
compile.
At line:1 char:1
+ & "C:\Program Files
\nodejs/node.exe" 
"C:\Program 
Files\nodejs/node_mo 
...
+ ~~~~~~~~~~~~~~~~~~~
~~~~~~~~~~~~~~~~~~~~~
~~~~~~~~~~~~~~~~~~~~~
~~~~~~~~
    + CategoryInfo   
           : NotSpe  
  cified: (Failed    
 to compile.:Stri    
ng) [], RemoteEx    
ception
    + FullyQualified 
   ErrorId : Native  
  CommandError
 

./src/app/admin/page.
tsx:10:81
Type error: Cannot 
find module '@/compon
ents/ui/dialog' or 
its corresponding 
type declarations.

[0m [90m  8 |[39m 
[36mimport[39m { [
33mShield[39m[33m,
[39m [33mUsers[39m
[33m,[39m [33mFileT
ext[39m[33m,[39m 
[33mCheckCircle[39m
[33m,[39m [33mTrash
2[39m[33m,[39m [3
3mSearch[39m[33m,[
39m [33mAward[39m[
33m,[39m [33mEye[3
9m[33m,[39m [33mMo
reVertical[39m[33m,
[39m [33mUserX[39m
[33m,[39m [33mUser
Check[39m[33m,[39m
 [33mX[39m[33m,[3
9m [33mMessageSquare
[39m } 
[36mfrom[39m [32m'
lucide-react'[39m[3
3m;[39m
 [90m  9 |[39m 
[36mimport[39m 
[33mImage[39m 
[36mfrom[39m [32m'
next/image'[39m[33m
;[39m
[31m[1m>[22m[39m
[90m 10 |[39m 
[36mimport[39m { [
33mDialog[39m[33m,
[39m [33mDialogConte
nt[39m[33m,[39m [
33mDialogHeader[39m
[33m,[39m [33mDialo
gTitle[39m[33m,[39
m [33mDialogTrigger
[39m } 
[36mfrom[39m [32m"
@/components/ui/dialo
g"[39m[33m;[39m
 [90m    |[39m     
                     
                     
                     
             
[31m[1m^[22m[39m
 [90m 11 |[39m
 [90m 12 |[39m 
[36mconst[39m [33m
SUPER_ADMIN_EMAIL[39
m [33m=[39m [32m"d
evpathind.community@g
mail.com"[39m[33m;
[39m
 [90m 13 |[39m[0m
Next.js build worker 
exited with code: 1 
and signal: null
